05-10 19:23:53.919  6282  6282 I ViewInteraction: Checking 'MatchesViewAssertion{viewMatcher=an instance of android.widget.TextView and view.getText() with or without transformation to match: a string containing "\nWorkout: Some good weights and what not\n\nLength: 30, Difficulty: 3, Sport Focus: None\nUpperBody Focus: false\nLowerBody Focus: true\nFullBodyFocus: true\nBodyWeight Focus: false\n\nMy legs are sore"}' assertion on view an instance of android.widget.TextView and view.getText() with or without transformation to match: a string containing "My legs are sore"
05-10 19:23:53.921  6282  6282 I ViewInteraction: Performing 'single click' action on view view.getId() is <2131296296/edu.vassar.cmpu203.workoutapp:id/RemoveFilter>
05-10 19:23:53.976   372   526 E android.hardware.audio@7.0-impl.ranchu: device/generic/goldfish/audio/stream_out.cpp:updateSourceMetadata:377 failure: Result::NOT_SUPPORTED
05-10 19:23:53.979   444   525 D AF::Track: interceptBuffer: took 781us to intercept 0 tracks
05-10 19:23:54.108   372   526 E android.hardware.audio@7.0-impl.ranchu: device/generic/goldfish/audio/stream_out.cpp:updateSourceMetadata:377 failure: Result::NOT_SUPPORTED
05-10 19:23:54.241  6282  6282 I ViewInteraction: Checking 'MatchesViewAssertion{viewMatcher=an instance of android.widget.TextView and view.getText() with or without transformation to match: a string containing "\nWorkout: Five sprints\n\nLength: 100, Difficulty: 1, Sport Focus: None\nEndurance Focus: true\nAgility Focus: false\nSpeed Focus: true\n\nDid some sprints today"}' assertion on view an instance of android.widget.TextView and view.getText() with or without transformation to match: a string containing "Did some sprints today"
05-10 19:23:54.243  6282  6282 I ViewInteraction: Checking 'MatchesViewAssertion{viewMatcher=an instance of android.widget.TextView and view.getText() with or without transformation to match: a string containing "\nWorkout: Lots and lots of push-ups\n\nLength: 40, Difficulty: 2, Sport Focus: None\nUpperBody Focus: true\nLowerBody Focus: false\nFullBodyFocus: false\nBodyWeight Focus: true\n\nMy arms are sore"}' assertion on view an instance of android.widget.TextView and view.getText() with or without transformation to match: a string containing "My arms are sore"
05-10 19:23:54.245  6282  6282 I ViewInteraction: Checking 'MatchesViewAssertion{viewMatcher=an instance of android.widget.TextView and view.getText() with or without transformation to match: a string containing "\nWorkout: Some good weights and what not\n\nLength: 30, Difficulty: 3, Sport Focus: None\nUpperBody Focus: false\nLowerBody Focus: true\nFullBodyFocus: true\nBodyWeight Focus: false\n\nMy legs are sore"}' assertion on view an instance of android.widget.TextView and view.getText() with or without transformation to match: a string containing "My legs are sore"
05-10 19:23:54.265  6282  6518 V FA      : Recording user engagement, ms: 30481
05-10 19:23:54.266  6282  6282 D LifecycleMonitor: Lifecycle status change: edu.vassar.cmpu203.workoutapp.Controller.MainActivity@c5e07d8 in: PAUSED
05-10 19:23:54.266  6282  6282 V ActivityScenario: Update currentActivityStage to PAUSED, currentActivity=edu.vassar.cmpu203.workoutapp.Controller.MainActivity@c5e07d8
05-10 19:23:54.268   565  1999 W InputReader: Device virtio_input_multi_touch_10 is associated with display ADISPLAY_ID_NONE.
05-10 19:23:54.268   565  1999 W InputReader: Device virtio_input_multi_touch_7 is associated with display ADISPLAY_ID_NONE.
05-10 19:23:54.268   565  1999 W InputReader: Device virtio_input_multi_touch_11 is associated with display ADISPLAY_ID_NONE.
05-10 19:23:54.268   565  1999 W InputReader: Device virtio_input_multi_touch_3 is associated with display ADISPLAY_ID_NONE.
05-10 19:23:54.268   565  1999 W InputReader: Device virtio_input_multi_touch_2 is associated with display ADISPLAY_ID_NONE.
05-10 19:23:54.268   565  1999 W InputReader: Device virtio_input_multi_touch_5 is associated with display ADISPLAY_ID_NONE.
05-10 19:23:54.268   565  1999 W InputReader: Device virtio_input_multi_touch_6 is associated with display ADISPLAY_ID_NONE.
05-10 19:23:54.268   565  1999 W InputReader: Device virtio_input_multi_touch_9 is associated with display ADISPLAY_ID_NONE.
05-10 19:23:54.268   565  1999 W InputReader: Device virtio_input_multi_touch_8 is associated with display ADISPLAY_ID_NONE.
05-10 19:23:54.268   565  1999 W InputReader: Device virtio_input_multi_touch_4 is associated with display ADISPLAY_ID_NONE.
05-10 19:23:54.268   565  1999 W InputReader: Device virtio_input_multi_touch_10 is associated with display ADISPLAY_ID_NONE.
05-10 19:23:54.268   565  1999 W InputReader: Device virtio_input_multi_touch_7 is associated with display ADISPLAY_ID_NONE.
05-10 19:23:54.268   565  1999 W InputReader: Device virtio_input_multi_touch_11 is associated with display ADISPLAY_ID_NONE.
05-10 19:23:54.268   565  1999 W InputReader: Device virtio_input_multi_touch_3 is associated with display ADISPLAY_ID_NONE.
05-10 19:23:54.268   565  1999 W InputReader: Device virtio_input_multi_touch_2 is associated with display ADISPLAY_ID_NONE.
05-10 19:23:54.268   565  1999 W InputReader: Device virtio_input_multi_touch_5 is associated with display ADISPLAY_ID_NONE.
05-10 19:23:54.268   565  1999 W InputReader: Device virtio_input_multi_touch_6 is associated with display ADISPLAY_ID_NONE.
05-10 19:23:54.268   565  1999 W InputReader: Device virtio_input_multi_touch_9 is associated with display ADISPLAY_ID_NONE.
05-10 19:23:54.268   565  1999 W InputReader: Device virtio_input_multi_touch_8 is associated with display ADISPLAY_ID_NONE.
05-10 19:23:54.268   565  1999 W InputReader: Device virtio_input_multi_touch_4 is associated with display ADISPLAY_ID_NONE.
05-10 19:23:54.306  6282  6518 V FA      : Connecting to remote service
05-10 19:23:54.312   383   417 D goldfish-address-space: claimShared: Ask to claim region [0x3f0000000 0x3f0965000]
05-10 19:23:54.328   383   417 D goldfish-address-space: claimShared: Ask to claim region [0x3f1ed0000 0x3f2835000]
05-10 19:23:54.331  9468  9468 D BoundBrokerSvc: onBind: Intent { act=com.google.android.gms.measurement.START pkg=com.google.android.gms }
05-10 19:23:54.332  9468  9468 D BoundBrokerSvc: Loading bound service for intent: Intent { act=com.google.android.gms.measurement.START pkg=com.google.android.gms }
05-10 19:23:54.335  6282  6518 V FA      : Connection attempt already in progress
05-10 19:23:54.335  6282  6518 V FA      : Activity paused, time: 42030709
05-10 19:23:54.342   383   383 D goldfish-address-space: claimShared: Ask to claim region [0x3f2e38000 0x3f379d000]
05-10 19:23:54.360  6282  6345 D EGL_emulation: app_time_stats: avg=20.82ms min=2.16ms max=237.42ms count=40
05-10 19:23:54.364  6282  6518 D FA      : Connected to remote service
05-10 19:23:54.365  6282  6518 V FA      : Processing queued up service tasks: 2
05-10 19:23:54.380   565  1999 W InputReader: Device virtio_input_multi_touch_10 is associated with display ADISPLAY_ID_NONE.
05-10 19:23:54.380   565  1999 W InputReader: Device virtio_input_multi_touch_7 is associated with display ADISPLAY_ID_NONE.
05-10 19:23:54.380   565  1999 W InputReader: Device virtio_input_multi_touch_11 is associated with display ADISPLAY_ID_NONE.
05-10 19:23:54.380   565  1999 W InputReader: Device virtio_input_multi_touch_3 is associated with display ADISPLAY_ID_NONE.
05-10 19:23:54.380   565  1999 W InputReader: Device virtio_input_multi_touch_2 is associated with display ADISPLAY_ID_NONE.
05-10 19:23:54.380   565  1999 W InputReader: Device virtio_input_multi_touch_5 is associated with display ADISPLAY_ID_NONE.
05-10 19:23:54.380   565  1999 W InputReader: Device virtio_input_multi_touch_6 is associated with display ADISPLAY_ID_NONE.
05-10 19:23:54.380   565  1999 W InputReader: Device virtio_input_multi_touch_9 is associated with display ADISPLAY_ID_NONE.
05-10 19:23:54.380   565  1999 W InputReader: Device virtio_input_multi_touch_8 is associated with display ADISPLAY_ID_NONE.
05-10 19:23:54.380   565  1999 W InputReader: Device virtio_input_multi_touch_4 is associated with display ADISPLAY_ID_NONE.
05-10 19:23:54.380   565  1999 W InputReader: Device virtio_input_multi_touch_10 is associated with display ADISPLAY_ID_NONE.
05-10 19:23:54.380   565  1999 W InputReader: Device virtio_input_multi_touch_7 is associated with display ADISPLAY_ID_NONE.
05-10 19:23:54.380   565  1999 W InputReader: Device virtio_input_multi_touch_11 is associated with display ADISPLAY_ID_NONE.
05-10 19:23:54.380   565  1999 W InputReader: Device virtio_input_multi_touch_3 is associated with display ADISPLAY_ID_NONE.
05-10 19:23:54.380   565  1999 W InputReader: Device virtio_input_multi_touch_2 is associated with display ADISPLAY_ID_NONE.
05-10 19:23:54.380   565  1999 W InputReader: Device virtio_input_multi_touch_5 is associated with display ADISPLAY_ID_NONE.
05-10 19:23:54.380   565  1999 W InputReader: Device virtio_input_multi_touch_6 is associated with display ADISPLAY_ID_NONE.
05-10 19:23:54.381   565  1999 W InputReader: Device virtio_input_multi_touch_9 is associated with display ADISPLAY_ID_NONE.
05-10 19:23:54.381   565  1999 W InputReader: Device virtio_input_multi_touch_8 is associated with display ADISPLAY_ID_NONE.
05-10 19:23:54.381   565  1999 W InputReader: Device virtio_input_multi_touch_4 is associated with display ADISPLAY_ID_NONE.
05-10 19:23:54.402  9468  6526 V FA-SVC  : Logging event: origin=auto,name=user_engagement(_e),params=Bundle[{ga_event_origin(_o)=auto, engagement_time_msec(_et)=30481, ga_screen_class(_sc)=MainActivity, ga_screen_id(_si)=-9150921589328402055}]
05-10 19:23:54.446   383   383 D goldfish-address-space: claimShared: Ask to claim region [0x3f5356000 0x3f5cbb000]
05-10 19:23:54.456   383   383 D goldfish-address-space: claimShared: Ask to claim region [0x3f62be000 0x3f6c23000]
05-10 19:23:54.475   383   383 D goldfish-address-space: claimShared: Ask to claim region [0x3f6c23000 0x3f7588000]
05-10 19:23:54.481  9468  6526 V FA-SVC  : Upload scheduled in approximately ms: 2074423
05-10 19:23:54.481  9468  6526 V FA-SVC  : Unscheduling upload
05-10 19:23:54.495   565   600 I ActivityTaskManager: Displayed edu.vassar.cmpu203.workoutapp.test/androidx.test.core.app.InstrumentationActivityInvoker$EmptyActivity: +193ms
05-10 19:23:54.504   383   383 D goldfish-address-space: claimShared: Ask to claim region [0x3f2e38000 0x3f343b000]
05-10 19:23:54.505  6282  6282 D LifecycleMonitor: Lifecycle status change: edu.vassar.cmpu203.workoutapp.Controller.MainActivity@c5e07d8 in: STOPPED
05-10 19:23:54.505  6282  6282 V ActivityScenario: Update currentActivityStage to STOPPED, currentActivity=edu.vassar.cmpu203.workoutapp.Controller.MainActivity@c5e07d8
05-10 19:23:54.507  9468  6526 V FA-SVC  : Scheduling upload, millis: 2074423
05-10 19:23:54.514  6282  6282 D LifecycleMonitor: Lifecycle status change: edu.vassar.cmpu203.workoutapp.Controller.MainActivity@c5e07d8 in: DESTROYED
05-10 19:23:54.514  6282  6282 V ActivityScenario: Update currentActivityStage to DESTROYED, currentActivity=null
05-10 19:23:54.516  1379  1379 V InlineSuggestionRenderService: handleDestroySuggestionViews called for 0:1643142761
05-10 19:23:54.515  6282  6308 I TestRunner: finished: FilterDifficultyTest(edu.vassar.cmpu203.workoutapp.FilterFeedInstTest)
